[     350ms] [WARNING] Specifying 'overflow: visible' on img, video and canvas tags may cause them to produce visual content outside of the element bounds. See https://github.com/WICG/view-transitions/blob/main/debugging_overflow_on_images.md for details. @ https://edition.cnn.com/:17247
[     949ms] [ERROR] %c Consent was NOT granted, AdFuel will not load. background: red;color:white; @ https://edition.cnn.com/media/sites/js/bundles/cnn-edition-adfuel-body-19c5a88ab8e7eeab3dbf9c8b8ba05f2b5968a05724127a6e352a4df310a38051.min.js:0
[    1292ms] [ERROR] Failed to load resource: the server responded with a status of 404 () @ https://ix.cnn.io/dailygraphics/graphics/20251217-olympics-medal-tracker-hp/media/flags/Canada.png:0
[    1293ms] [ERROR] Failed to load resource: the server responded with a status of 404 () @ https://ix.cnn.io/dailygraphics/graphics/20251217-olympics-medal-tracker-hp/media/flags/United_States.png:0
[    1325ms] [ERROR] Failed to load resource: the server responded with a status of 404 () @ https://ix.cnn.io/dailygraphics/graphics/20251217-olympics-medal-tracker-hp/media/flags/South_Korea.png:0
[    1325ms] [ERROR] Failed to load resource: the server responded with a status of 404 () @ https://ix.cnn.io/dailygraphics/graphics/20251217-olympics-medal-tracker-hp/media/flags/New_Zealand.png:0
[    1325ms] [ERROR] Failed to load resource: the server responded with a status of 404 () @ https://ix.cnn.io/dailygraphics/graphics/20251217-olympics-medal-tracker-hp/media/flags/United_Kingdom.png:0
[    1325ms] [ERROR] Failed to load resource: the server responded with a status of 404 () @ https://ix.cnn.io/dailygraphics/graphics/20251217-olympics-medal-tracker-hp/media/flags/United_States.png:0
[    1326ms] [ERROR] Failed to load resource: the server responded with a status of 404 () @ https://ix.cnn.io/dailygraphics/graphics/20251217-olympics-medal-tracker-hp/media/flags/Canada.png:0
[    2071ms] [ERROR] FAVE -->> KeyValueStore: Error invoking key/value pair function. TypeError: window.turner_getGuid is not a function
    at https://edition.cnn.com/:16413:1086
    at n (https://registry.api.cnn.io/bundles/fave/boltInstance-b848d033/boltInstance:1:265833)
    at e.value (https://registry.api.cnn.io/bundles/fave/boltInstance-b848d033/boltInstance:1:266371)
    at e.value (https://registry.api.cnn.io/bundles/fave/boltInstance-b848d033/boltInstance:1:267278)
    at t.value (https://registry.api.cnn.io/bundles/fave/boltInstance-b848d033/boltInstance:1:226563)
    at t.value (https://registry.api.cnn.io/bundles/fave/boltInstance-b848d033/boltInstance:1:353325)
    at t.value (https://registry.api.cnn.io/bundles/fave/boltInstance-b848d033/boltInstance:1:343343)
    at t.value (https://registry.api.cnn.io/bundles/fave/boltInstance-b848d033/boltInstance:1:336718)
    at https://registry.api.cnn.io/bundles/fave/boltInstance-b848d033/boltInstance:1:310301 @ https://registry.api.cnn.io/bundles/fave/latest-4.x/js:0
[    2586ms] [ERROR] [ZionBridge.storeEventData] Error Message: Cannot read properties of undefined (reading 'id') @ https://zion.cnn.com/2.0/zion-suite.min.js:0
[    3260ms] [ERROR] FAVE -->> KeyValueStore: Error invoking key/value pair function. TypeError: window.turner_getGuid is not a function
    at https://edition.cnn.com/:16413:1086
    at n (https://registry.api.cnn.io/bundles/fave/boltInstance-b848d033/boltInstance:1:265833)
    at e.value (https://registry.api.cnn.io/bundles/fave/boltInstance-b848d033/boltInstance:1:266371)
    at e.value (https://registry.api.cnn.io/bundles/fave/boltInstance-b848d033/boltInstance:1:267278)
    at t.value (https://registry.api.cnn.io/bundles/fave/boltInstance-b848d033/boltInstance:1:226563)
    at t.value (https://registry.api.cnn.io/bundles/fave/boltInstance-b848d033/boltInstance:1:353325)
    at https://registry.api.cnn.io/bundles/fave/boltInstance-b848d033/boltInstance:1:326480
    at a.execute (https://registry.api.cnn.io/bundles/fave/vendor-f9ea2c98/vendor:1:1025302)
    at o.dispatch (https://registry.api.cnn.io/bundles/fave/vendor-f9ea2c98/vendor:1:1027406)
    at o.dispatch (https://registry.api.cnn.io/bundles/fave/vendor-f9ea2c98/vendor:1:1025127) @ https://registry.api.cnn.io/bundles/fave/latest-4.x/js:0
[    3260ms] [ERROR] FAVE -->> KeyValueStore: Error invoking key/value pair function. TypeError: window.turner_getGuid is not a function
    at https://edition.cnn.com/:16413:1086
    at n (https://registry.api.cnn.io/bundles/fave/boltInstance-b848d033/boltInstance:1:265833)
    at e.value (https://registry.api.cnn.io/bundles/fave/boltInstance-b848d033/boltInstance:1:266371)
    at e.value (https://registry.api.cnn.io/bundles/fave/boltInstance-b848d033/boltInstance:1:267278)
    at t.value (https://registry.api.cnn.io/bundles/fave/boltInstance-b848d033/boltInstance:1:226563)
    at t.value (https://registry.api.cnn.io/bundles/fave/boltInstance-b848d033/boltInstance:1:353325)
    at https://registry.api.cnn.io/bundles/fave/boltInstance-b848d033/boltInstance:1:326648
    at a.execute (https://registry.api.cnn.io/bundles/fave/vendor-f9ea2c98/vendor:1:1025302)
    at o.dispatch (https://registry.api.cnn.io/bundles/fave/vendor-f9ea2c98/vendor:1:1027406)
    at o.dispatch (https://registry.api.cnn.io/bundles/fave/vendor-f9ea2c98/vendor:1:1025127) @ https://registry.api.cnn.io/bundles/fave/latest-4.x/js:0
[    3301ms] [WARNING] [GSI_LOGGER]: Your client application uses one of the Google One Tap prompt UI status methods that may stop functioning when FedCM becomes mandatory. Refer to the migration guide to update your code accordingly and opt-in to FedCM to test your changes. Learn more: https://developers.google.com/identity/gsi/web/guides/fedcm-migration?s=dc#display_moment and https://developers.google.com/identity/gsi/web/guides/fedcm-migration?s=dc#skipped_moment @ https://accounts.google.com/gsi/client:80
[    3304ms] [ERROR] Not signed in with the identity provider. @ https://edition.cnn.com/:0
[    3993ms] [WARNING] It is recommended that a robustness level be specified. Not specifying the robustness level could result in unexpected behavior. @ https://registry.api.cnn.io/bundles/fave/boltPlayer-b296f72a/boltPlayer:0
[    5412ms] [ERROR] Player | Player received error, stopping playback session: 11f760b3-3722-428d-a716-0ee79a47793c code:1K-0043 message: NoKeySystemAvailable: No key system available on device undefined @ https://registry.api.cnn.io/bundles/fave/boltPlayer-b296f72a/boltPlayer:1344
[    7922ms] [ERROR] [GSI_LOGGER]: FedCM get() rejects with NetworkError: Error retrieving a token. @ https://accounts.google.com/gsi/client:81
